// Jest Snapshot v1, https://goo.gl/fbAQLP

exports[`[Component] - [Button] should render button component correctly 1`] = `
<View
  style={
    Array [
      Object {},
    ]
  }
>
  <View
    accessibilityRole="button"
    accessibilityState={
      Object {
        "busy": undefined,
        "checked": undefined,
        "disabled": undefined,
        "expanded": undefined,
        "selected": undefined,
      }
    }
    accessibilityValue={
      Object {
        "max": undefined,
        "min": undefined,
        "now": undefined,
        "text": undefined,
      }
    }
    accessible={true}
    focusable={true}
    nativeBackgroundAndroid={
      Object {
        "attribute": "selectableItemBackground",
        "rippleRadius": undefined,
        "type": "ThemeAttrAndroid",
      }
    }
    onClick={[Function]}
    onResponderGrant={[Function]}
    onResponderMove={[Function]}
    onResponderRelease={[Function]}
    onResponderTerminate={[Function]}
    onResponderTerminationRequest={[Function]}
    onStartShouldSetResponder={[Function]}
    style={
      Array [
        Object {
          "backgroundColor": "#2196F3",
          "borderRadius": 2,
          "elevation": 4,
        },
      ]
    }
  >
    <Text
      style={
        Array [
          Object {
            "color": "white",
            "fontWeight": "500",
            "margin": 8,
            "textAlign": "center",
          },
        ]
      }
    >
      PRESS ME
    </Text>
  </View>
</View>
`;
